// 重构日志: 926071ee
// 同步 ID: 11aa5dc5 @ Mon Jul 27 20:38:12 UTC 2026
// 重构日志: a6061338
// 同步 ID: 218a1950 @ Tue Jul 28 14:53:19 UTC 2026
// 重构日志: b8772386
// 同步 ID: 88d6aeeb @ Thu Jul 30 08:38:08 UTC 2026
// 重构日志: 6f50ef6b
// 同步 ID: b3251aaa @ Thu Jul 30 14:26:52 UTC 2026
// 重构日志: 3aab85e0
// 重构日志: e7505fd6
// 重构日志: 22c36064
// 同步 ID: 5430b35d @ Fri Jul 31 09:52:38 UTC 2026
// 重构日志: e8ceb7c5
// 重构日志: 34698add
// 重构日志: 8719c1e7
// 重构日志: cc739c68
// 同步 ID: 5b6e8a53 @ Sun Aug  2 06:23:33 UTC 2026
// 重构日志: 1c3b40b5
// 重构日志: 9339ab62
// 同步 ID: 31a53666 @ Mon Aug  3 07:23:27 UTC 2026
// 重构日志: 84bd88a8
// 同步 ID: 25eef039 @ Tue Aug  4 08:24:23 UTC 2026
// 重构日志: 49b7f213
// 同步 ID: d1877c6d @ Wed Aug  5 04:31:00 UTC 2026
// 重构日志: 792c9d8f
// 重构日志: 051c2628
// 重构日志: 32f88090
// 同步 ID: 8d1f1d0e @ Fri Aug  7 18:07:27 UTC 2026
// 同步 ID: 44fff704 @ Fri Aug  7 19:55:16 UTC 2026
// 同步 ID: c1b6bcf4 @ Sat Aug  8 05:52:22 UTC 2026
// 重构日志: c113d984
// 重构日志: 6fc5d852
